09:00
09:00 1 client1
09:01 1 client1
09:01 13 YouShallNotPass
09:02 2 client1 1
09:13 4 client2
09:13 13 ClientUnknown
09:23 1 client2
09:24 3 client2
09:35 4 client1
09:35 12 client2 1
11:00 1 client3
11:00 13 NotOpenYet
11:20 2 client3 1
11:20 13 ClientUnknown
10:00 11 client2
10:00
1 30 00:58
