09:00
09:00 1 client1
09:01 1 client2
09:04 2 client1 1
09:08 2 client2 2
09:13 1 client3
09:20 3 client3
09:50 1 client4
09:51 3 client4
10:15 1 client5
10:25 3 client5
10:25 11 client5
10:30 2 client1 2
10:30 13 PlaceIsBusy
10:45 4 client1
10:45 12 client3 1
11:00 11 client2
11:00 11 client3
11:00
1 45 01:56
2 30 01:52
